2026-05-17 14:24:20-0300: Running with following config:
logDir = analysis_logs
nnCacheSizePowerOfTwo = 20
nnMaxBatchSize = 8
numAnalysisThreads = 1
numSearchThreads = 2
reportAnalysisWinratesAs = BLACK

2026-05-17 14:24:20-0300: Analysis Engine starting...
2026-05-17 14:24:20-0300: KataGo v1.16.4
2026-05-17 14:24:20-0300: nnRandSeed0 = 17735907194547890894
2026-05-17 14:24:20-0300: After dedups: nnModelFile0 = /home/kirill/survival-go/third_party/katago/kata1-b20c256x2-s4384473088-d968438914.bin.gz useFP16 auto useNHWC auto
2026-05-17 14:24:20-0300: Initializing neural net buffer to be size 19 * 19 allowing smaller boards
2026-05-17 14:24:21-0300: Eigen (CPU) backend thread 0: Model version 8
2026-05-17 14:24:21-0300: Eigen (CPU) backend thread 0: Model name: g170-b20c256x2-s4384473088-d968438914
2026-05-17 14:24:21-0300: Eigen (CPU) backend thread 1: Model version 8
2026-05-17 14:24:21-0300: Eigen (CPU) backend thread 1: Model name: g170-b20c256x2-s4384473088-d968438914
2026-05-17 14:24:21-0300: Loaded config /home/kirill/survival-go/third_party/katago/analysis.cfg
2026-05-17 14:24:21-0300: Loaded model /home/kirill/survival-go/third_party/katago/kata1-b20c256x2-s4384473088-d968438914.bin.gz
2026-05-17 14:24:21-0300: Analyzing up to 1 positions at a time in parallel
2026-05-17 14:24:21-0300: Started, ready to begin handling requests
